(Alice Smith, 22)
(Joe Schmoe, 100)
(Rob Robertson, 53)
